============================= test session starts =============================
platform win32 -- Python 3.13.0, pytest-8.3.5, pluggy-1.6.0
rootdir: C:\Users\HP\Desktop\AI BASED SKILL GAP ANALYZER
plugins: anyio-4.13.0
collected 1 item

tests\backend-tests\test_mvp_features.py F                               [100%]

================================== FAILURES ===================================
___________________ test_auth_assessment_and_skill_gap_flow ___________________

    def test_auth_assessment_and_skill_gap_flow() -> None:
        register_payload = {
            "name": "Student One",
            "email": "student1@example.com",
            "password": "secure123",
            "education_level": "Undergraduate",
            "current_skills": ["Python", "Basic Math"],
            "target_role": "AI Engineer",
            "learning_goals": ["Become ML Engineer"],
        }
        register_response = client.post("/api/register", json=register_payload)
        assert register_response.status_code == 200
    
        token = register_response.json()["access_token"]
        headers = {"Authorization": f"Bearer {token}"}
    
>       assessment_start = client.get("/api/assessment/start", headers=headers)

tests\backend-tests\test_mvp_features.py:24: 
_ _ _ _ _ _ _ _ _ _ _ _ _ _ _ _ _ _ _ _ _ _ _ _ _ _ _ _ _ _ _ _ _ _ _ _ _ _ _ _

self = <starlette.testclient.TestClient object at 0x000002671EA10D70>
url = '/api/assessment/start'

    def get(  # type: ignore[override]
        self,
        url: httpx._types.URLTypes,
        *,
        params: httpx._types.QueryParamTypes | None = None,
        headers: httpx._types.HeaderTypes | None = None,
        cookies: httpx._types.CookieTypes | None = None,
        auth: httpx._types.AuthTypes | httpx._client.UseClientDefault = httpx._client.USE_CLIENT_DEFAULT,
        follow_redirects: bool | httpx._client.UseClientDefault = httpx._client.USE_CLIENT_DEFAULT,
        timeout: httpx._types.TimeoutTypes | httpx._client.UseClientDefault = httpx._client.USE_CLIENT_DEFAULT,
        extensions: dict[str, Any] | None = None,
    ) -> httpx.Response:
>       return super().get(
            url,
            params=params,
            headers=headers,
            cookies=cookies,
            auth=auth,
            follow_redirects=follow_redirects,
            timeout=timeout,
            extensions=extensions,
        )

.venv\Lib\site-packages\starlette\testclient.py:479: 
_ _ _ _ _ _ _ _ _ _ _ _ _ _ _ _ _ _ _ _ _ _ _ _ _ _ _ _ _ _ _ _ _ _ _ _ _ _ _ _

self = <starlette.testclient.TestClient object at 0x000002671EA10D70>
url = '/api/assessment/start'

    def get(
        self,
        url: URL | str,
        *,
        params: QueryParamTypes | None = None,
        headers: HeaderTypes | None = None,
        cookies: CookieTypes | None = None,
        auth: AuthTypes | UseClientDefault | None = USE_CLIENT_DEFAULT,
        follow_redirects: bool | UseClientDefault = USE_CLIENT_DEFAULT,
        timeout: TimeoutTypes | UseClientDefault = USE_CLIENT_DEFAULT,
        extensions: RequestExtensions | None = None,
    ) -> Response:
        """
        Send a `GET` request.
    
        **Parameters**: See `httpx.request`.
        """
>       return self.request(
            "GET",
            url,
            params=params,
            headers=headers,
            cookies=cookies,
            auth=auth,
            follow_redirects=follow_redirects,
            timeout=timeout,
            extensions=extensions,
        )

.venv\Lib\site-packages\httpx\_client.py:1053: 
_ _ _ _ _ _ _ _ _ _ _ _ _ _ _ _ _ _ _ _ _ _ _ _ _ _ _ _ _ _ _ _ _ _ _ _ _ _ _ _

self = <starlette.testclient.TestClient object at 0x000002671EA10D70>
method = 'GET', url = URL('http://testserver/api/assessment/start')

    def request(  # type: ignore[override]
        self,
        method: str,
        url: httpx._types.URLTypes,
        *,
        content: httpx._types.RequestContent | None = None,
        data: _RequestData | None = None,
        files: httpx._types.RequestFiles | None = None,
        json: Any = None,
        params: httpx._types.QueryParamTypes | None = None,
        headers: httpx._types.HeaderTypes | None = None,
        cookies: httpx._types.CookieTypes | None = None,
        auth: httpx._types.AuthTypes | httpx._client.UseClientDefault = httpx._client.USE_CLIENT_DEFAULT,
        follow_redirects: bool | httpx._client.UseClientDefault = httpx._client.USE_CLIENT_DEFAULT,
        timeout: httpx._types.TimeoutTypes | httpx._client.UseClientDefault = httpx._client.USE_CLIENT_DEFAULT,
        extensions: dict[str, Any] | None = None,
    ) -> httpx.Response:
        if timeout is not httpx.USE_CLIENT_DEFAULT:
            warnings.warn(
                "You should not use the 'timeout' argument with the TestClient. "
                "See https://github.com/encode/starlette/issues/1108 for more information.",
                DeprecationWarning,
            )
        url = self._merge_url(url)
>       return super().request(
            method,
            url,
            content=content,
            data=data,
            files=files,
            json=json,
            params=params,
            headers=headers,
            cookies=cookies,
            auth=auth,
            follow_redirects=follow_redirects,
            timeout=timeout,
            extensions=extensions,
        )

.venv\Lib\site-packages\starlette\testclient.py:451: 
_ _ _ _ _ _ _ _ _ _ _ _ _ _ _ _ _ _ _ _ _ _ _ _ _ _ _ _ _ _ _ _ _ _ _ _ _ _ _ _

self = <starlette.testclient.TestClient object at 0x000002671EA10D70>
method = 'GET', url = URL('http://testserver/api/assessment/start')

    def request(
        self,
        method: str,
        url: URL | str,
        *,
        content: RequestContent | None = None,
        data: RequestData | None = None,
        files: RequestFiles | None = None,
        json: typing.Any | None = None,
        params: QueryParamTypes | None = None,
        headers: HeaderTypes | None = None,
        cookies: CookieTypes | None = None,
        auth: AuthTypes | UseClientDefault | None = USE_CLIENT_DEFAULT,
        follow_redirects: bool | UseClientDefault = USE_CLIENT_DEFAULT,
        timeout: TimeoutTypes | UseClientDefault = USE_CLIENT_DEFAULT,
        extensions: RequestExtensions | None = None,
    ) -> Response:
        """
        Build and send a request.
    
        Equivalent to:
    
        ```python
        request = client.build_request(...)
        response = client.send(request, ...)
        ```
    
        See `Client.build_request()`, `Client.send()` and
        [Merging of configuration][0] for how the various parameters
        are merged with client-level configuration.
    
        [0]: /advanced/clients/#merging-of-configuration
        """
        if cookies is not None:
            message = (
                "Setting per-request cookies=<...> is being deprecated, because "
                "the expected behaviour on cookie persistence is ambiguous. Set "
                "cookies directly on the client instance instead."
            )
            warnings.warn(message, DeprecationWarning, stacklevel=2)
    
        request = self.build_request(
            method=method,
            url=url,
            content=content,
            data=data,
            files=files,
            json=json,
            params=params,
            headers=headers,
            cookies=cookies,
            timeout=timeout,
            extensions=extensions,
        )
>       return self.send(request, auth=auth, follow_redirects=follow_redirects)

.venv\Lib\site-packages\httpx\_client.py:825: 
_ _ _ _ _ _ _ _ _ _ _ _ _ _ _ _ _ _ _ _ _ _ _ _ _ _ _ _ _ _ _ _ _ _ _ _ _ _ _ _

self = <starlette.testclient.TestClient object at 0x000002671EA10D70>
request = <Request('GET', 'http://testserver/api/assessment/start')>

    def send(
        self,
        request: Request,
        *,
        stream: bool = False,
        auth: AuthTypes | UseClientDefault | None = USE_CLIENT_DEFAULT,
        follow_redirects: bool | UseClientDefault = USE_CLIENT_DEFAULT,
    ) -> Response:
        """
        Send a request.
    
        The request is sent as-is, unmodified.
    
        Typically you'll want to build one with `Client.build_request()`
        so that any client-level configuration is merged into the request,
        but passing an explicit `httpx.Request()` is supported as well.
    
        See also: [Request instances][0]
    
        [0]: /advanced/clients/#request-instances
        """
        if self._state == ClientState.CLOSED:
            raise RuntimeError("Cannot send a request, as the client has been closed.")
    
        self._state = ClientState.OPENED
        follow_redirects = (
            self.follow_redirects
            if isinstance(follow_redirects, UseClientDefault)
            else follow_redirects
        )
    
        self._set_timeout(request)
    
        auth = self._build_request_auth(request, auth)
    
>       response = self._send_handling_auth(
            request,
            auth=auth,
            follow_redirects=follow_redirects,
            history=[],
        )

.venv\Lib\site-packages\httpx\_client.py:914: 
_ _ _ _ _ _ _ _ _ _ _ _ _ _ _ _ _ _ _ _ _ _ _ _ _ _ _ _ _ _ _ _ _ _ _ _ _ _ _ _

self = <starlette.testclient.TestClient object at 0x000002671EA10D70>
request = <Request('GET', 'http://testserver/api/assessment/start')>
auth = <httpx.Auth object at 0x000002671E9EBB10>, follow_redirects = True
history = []

    def _send_handling_auth(
        self,
        request: Request,
        auth: Auth,
        follow_redirects: bool,
        history: list[Response],
    ) -> Response:
        auth_flow = auth.sync_auth_flow(request)
        try:
            request = next(auth_flow)
    
            while True:
>               response = self._send_handling_redirects(
                    request,
                    follow_redirects=follow_redirects,
                    history=history,
                )

.venv\Lib\site-packages\httpx\_client.py:942: 
_ _ _ _ _ _ _ _ _ _ _ _ _ _ _ _ _ _ _ _ _ _ _ _ _ _ _ _ _ _ _ _ _ _ _ _ _ _ _ _

self = <starlette.testclient.TestClient object at 0x000002671EA10D70>
request = <Request('GET', 'http://testserver/api/assessment/start')>
follow_redirects = True, history = []

    def _send_handling_redirects(
        self,
        request: Request,
        follow_redirects: bool,
        history: list[Response],
    ) -> Response:
        while True:
            if len(history) > self.max_redirects:
                raise TooManyRedirects(
                    "Exceeded maximum allowed redirects.", request=request
                )
    
            for hook in self._event_hooks["request"]:
                hook(request)
    
>           response = self._send_single_request(request)

.venv\Lib\site-packages\httpx\_client.py:979: 
_ _ _ _ _ _ _ _ _ _ _ _ _ _ _ _ _ _ _ _ _ _ _ _ _ _ _ _ _ _ _ _ _ _ _ _ _ _ _ _

self = <starlette.testclient.TestClient object at 0x000002671EA10D70>
request = <Request('GET', 'http://testserver/api/assessment/start')>

    def _send_single_request(self, request: Request) -> Response:
        """
        Sends a single request, without handling any redirections.
        """
        transport = self._transport_for_url(request.url)
        start = time.perf_counter()
    
        if not isinstance(request.stream, SyncByteStream):
            raise RuntimeError(
                "Attempted to send an async request with a sync Client instance."
            )
    
        with request_context(request=request):
>           response = transport.handle_request(request)

.venv\Lib\site-packages\httpx\_client.py:1014: 
_ _ _ _ _ _ _ _ _ _ _ _ _ _ _ _ _ _ _ _ _ _ _ _ _ _ _ _ _ _ _ _ _ _ _ _ _ _ _ _

self = <starlette.testclient._TestClientTransport object at 0x000002671EA10EC0>
request = <Request('GET', 'http://testserver/api/assessment/start')>

    def handle_request(self, request: httpx.Request) -> httpx.Response:
        scheme = request.url.scheme
        netloc = request.url.netloc.decode(encoding="ascii")
        path = request.url.path
        raw_path = request.url.raw_path
        query = request.url.query.decode(encoding="ascii")
    
        default_port = {"http": 80, "ws": 80, "https": 443, "wss": 443}[scheme]
    
        if ":" in netloc:
            host, port_string = netloc.split(":", 1)
            port = int(port_string)
        else:
            host = netloc
            port = default_port
    
        # Include the 'host' header.
        if "host" in request.headers:
            headers: list[tuple[bytes, bytes]] = []
        elif port == default_port:  # pragma: no cover
            headers = [(b"host", host.encode())]
        else:  # pragma: no cover
            headers = [(b"host", (f"{host}:{port}").encode())]
    
        # Include other request headers.
        headers += [(key.lower().encode(), value.encode()) for key, value in request.headers.multi_items()]
    
        scope: dict[str, Any]
    
        if scheme in {"ws", "wss"}:
            subprotocol = request.headers.get("sec-websocket-protocol", None)
            if subprotocol is None:
                subprotocols: Sequence[str] = []
            else:
                subprotocols = [value.strip() for value in subprotocol.split(",")]
            scope = {
                "type": "websocket",
                "path": unquote(path),
                "raw_path": raw_path.split(b"?", 1)[0],
                "root_path": self.root_path,
                "scheme": scheme,
                "query_string": query.encode(),
                "headers": headers,
                "client": self.client,
                "server": [host, port],
                "subprotocols": subprotocols,
                "state": self.app_state.copy(),
                "extensions": {"websocket.http.response": {}},
            }
            session = WebSocketTestSession(self.app, scope, self.portal_factory)
            raise _Upgrade(session)
    
        scope = {
            "type": "http",
            "http_version": "1.1",
            "method": request.method,
            "path": unquote(path),
            "raw_path": raw_path.split(b"?", 1)[0],
            "root_path": self.root_path,
            "scheme": scheme,
            "query_string": query.encode(),
            "headers": headers,
            "client": self.client,
            "server": [host, port],
            "extensions": {"http.response.debug": {}},
            "state": self.app_state.copy(),
        }
    
        request_complete = False
        response_started = False
        response_complete: anyio.Event
        raw_kwargs: dict[str, Any] = {"stream": io.BytesIO()}
        template = None
        context = None
    
        async def receive() -> Message:
            nonlocal request_complete
    
            if request_complete:
                if not response_complete.is_set():
                    await response_complete.wait()
                return {"type": "http.disconnect"}
    
            body = request.read()
            if isinstance(body, str):
                body_bytes: bytes = body.encode("utf-8")  # pragma: no cover
            elif body is None:
                body_bytes = b""  # pragma: no cover
            elif isinstance(body, GeneratorType):
                try:  # pragma: no cover
                    chunk = body.send(None)
                    if isinstance(chunk, str):
                        chunk = chunk.encode("utf-8")
                    return {"type": "http.request", "body": chunk, "more_body": True}
                except StopIteration:  # pragma: no cover
                    request_complete = True
                    return {"type": "http.request", "body": b""}
            else:
                body_bytes = body
    
            request_complete = True
            return {"type": "http.request", "body": body_bytes}
    
        async def send(message: Message) -> None:
            nonlocal raw_kwargs, response_started, template, context
    
            if message["type"] == "http.response.start":
                assert not response_started, 'Received multiple "http.response.start" messages.'
                raw_kwargs["status_code"] = message["status"]
                raw_kwargs["headers"] = [(key.decode(), value.decode()) for key, value in message.get("headers", [])]
                response_started = True
            elif message["type"] == "http.response.body":
                assert response_started, 'Received "http.response.body" without "http.response.start".'
                assert not response_complete.is_set(), 'Received "http.response.body" after response completed.'
                body = message.get("body", b"")
                more_body = message.get("more_body", False)
                if request.method != "HEAD":
                    raw_kwargs["stream"].write(body)
                if not more_body:
                    raw_kwargs["stream"].seek(0)
                    response_complete.set()
            elif message["type"] == "http.response.debug":
                template = message["info"]["template"]
                context = message["info"]["context"]
    
        try:
            with self.portal_factory() as portal:
                response_complete = portal.call(anyio.Event)
                portal.call(self.app, scope, receive, send)
        except BaseException as exc:
            if self.raise_server_exceptions:
>               raise exc

.venv\Lib\site-packages\starlette\testclient.py:354: 
_ _ _ _ _ _ _ _ _ _ _ _ _ _ _ _ _ _ _ _ _ _ _ _ _ _ _ _ _ _ _ _ _ _ _ _ _ _ _ _

self = <starlette.testclient._TestClientTransport object at 0x000002671EA10EC0>
request = <Request('GET', 'http://testserver/api/assessment/start')>

    def handle_request(self, request: httpx.Request) -> httpx.Response:
        scheme = request.url.scheme
        netloc = request.url.netloc.decode(encoding="ascii")
        path = request.url.path
        raw_path = request.url.raw_path
        query = request.url.query.decode(encoding="ascii")
    
        default_port = {"http": 80, "ws": 80, "https": 443, "wss": 443}[scheme]
    
        if ":" in netloc:
            host, port_string = netloc.split(":", 1)
            port = int(port_string)
        else:
            host = netloc
            port = default_port
    
        # Include the 'host' header.
        if "host" in request.headers:
            headers: list[tuple[bytes, bytes]] = []
        elif port == default_port:  # pragma: no cover
            headers = [(b"host", host.encode())]
        else:  # pragma: no cover
            headers = [(b"host", (f"{host}:{port}").encode())]
    
        # Include other request headers.
        headers += [(key.lower().encode(), value.encode()) for key, value in request.headers.multi_items()]
    
        scope: dict[str, Any]
    
        if scheme in {"ws", "wss"}:
            subprotocol = request.headers.get("sec-websocket-protocol", None)
            if subprotocol is None:
                subprotocols: Sequence[str] = []
            else:
                subprotocols = [value.strip() for value in subprotocol.split(",")]
            scope = {
                "type": "websocket",
                "path": unquote(path),
                "raw_path": raw_path.split(b"?", 1)[0],
                "root_path": self.root_path,
                "scheme": scheme,
                "query_string": query.encode(),
                "headers": headers,
                "client": self.client,
                "server": [host, port],
                "subprotocols": subprotocols,
                "state": self.app_state.copy(),
                "extensions": {"websocket.http.response": {}},
            }
            session = WebSocketTestSession(self.app, scope, self.portal_factory)
            raise _Upgrade(session)
    
        scope = {
            "type": "http",
            "http_version": "1.1",
            "method": request.method,
            "path": unquote(path),
            "raw_path": raw_path.split(b"?", 1)[0],
            "root_path": self.root_path,
            "scheme": scheme,
            "query_string": query.encode(),
            "headers": headers,
            "client": self.client,
            "server": [host, port],
            "extensions": {"http.response.debug": {}},
            "state": self.app_state.copy(),
        }
    
        request_complete = False
        response_started = False
        response_complete: anyio.Event
        raw_kwargs: dict[str, Any] = {"stream": io.BytesIO()}
        template = None
        context = None
    
        async def receive() -> Message:
            nonlocal request_complete
    
            if request_complete:
                if not response_complete.is_set():
                    await response_complete.wait()
                return {"type": "http.disconnect"}
    
            body = request.read()
            if isinstance(body, str):
                body_bytes: bytes = body.encode("utf-8")  # pragma: no cover
            elif body is None:
                body_bytes = b""  # pragma: no cover
            elif isinstance(body, GeneratorType):
                try:  # pragma: no cover
                    chunk = body.send(None)
                    if isinstance(chunk, str):
                        chunk = chunk.encode("utf-8")
                    return {"type": "http.request", "body": chunk, "more_body": True}
                except StopIteration:  # pragma: no cover
                    request_complete = True
                    return {"type": "http.request", "body": b""}
            else:
                body_bytes = body
    
            request_complete = True
            return {"type": "http.request", "body": body_bytes}
    
        async def send(message: Message) -> None:
            nonlocal raw_kwargs, response_started, template, context
    
            if message["type"] == "http.response.start":
                assert not response_started, 'Received multiple "http.response.start" messages.'
                raw_kwargs["status_code"] = message["status"]
                raw_kwargs["headers"] = [(key.decode(), value.decode()) for key, value in message.get("headers", [])]
                response_started = True
            elif message["type"] == "http.response.body":
                assert response_started, 'Received "http.response.body" without "http.response.start".'
                assert not response_complete.is_set(), 'Received "http.response.body" after response completed.'
                body = message.get("body", b"")
                more_body = message.get("more_body", False)
                if request.method != "HEAD":
                    raw_kwargs["stream"].write(body)
                if not more_body:
                    raw_kwargs["stream"].seek(0)
                    response_complete.set()
            elif message["type"] == "http.response.debug":
                template = message["info"]["template"]
                context = message["info"]["context"]
    
        try:
            with self.portal_factory() as portal:
                response_complete = portal.call(anyio.Event)
>               portal.call(self.app, scope, receive, send)

.venv\Lib\site-packages\starlette\testclient.py:351: 
_ _ _ _ _ _ _ _ _ _ _ _ _ _ _ _ _ _ _ _ _ _ _ _ _ _ _ _ _ _ _ _ _ _ _ _ _ _ _ _

self = <anyio.from_thread.BlockingPortal object at 0x000002671EAA0050>
func = <fastapi.applications.FastAPI object at 0x000002671EA10590>
args = ({'app': <fastapi.applications.FastAPI object at 0x000002671EA10590>, 'client': ('testclient', 50000), 'endpoint': <fu...ls>.receive at 0x000002671EA79580>, <function _TestClientTransport.handle_request.<locals>.send at 0x000002671EA796C0>)

    def call(
        self,
        func: Callable[[Unpack[PosArgsT]], Awaitable[T_Retval] | T_Retval],
        *args: Unpack[PosArgsT],
    ) -> T_Retval:
        """
        Call the given function in the event loop thread.
    
        If the callable returns a coroutine object, it is awaited on.
    
        :param func: any callable
        :raises RuntimeError: if the portal is not running or if this method is called
            from within the event loop thread
    
        """
>       return cast(T_Retval, self.start_task_soon(func, *args).result())

.venv\Lib\site-packages\anyio\from_thread.py:334: 
_ _ _ _ _ _ _ _ _ _ _ _ _ _ _ _ _ _ _ _ _ _ _ _ _ _ _ _ _ _ _ _ _ _ _ _ _ _ _ _

self = None, timeout = None

    def result(self, timeout=None):
        """Return the result of the call that the future represents.
    
        Args:
            timeout: The number of seconds to wait for the result if the future
                isn't done. If None, then there is no limit on the wait time.
    
        Returns:
            The result of the call that the future represents.
    
        Raises:
            CancelledError: If the future was cancelled.
            TimeoutError: If the future didn't finish executing before the given
                timeout.
            Exception: If the call raised then that exception will be raised.
        """
        try:
            with self._condition:
                if self._state in [CANCELLED, CANCELLED_AND_NOTIFIED]:
                    raise CancelledError()
                elif self._state == FINISHED:
                    return self.__get_result()
    
                self._condition.wait(timeout)
    
                if self._state in [CANCELLED, CANCELLED_AND_NOTIFIED]:
                    raise CancelledError()
                elif self._state == FINISHED:
>                   return self.__get_result()

E:\Lib\concurrent\futures\_base.py:456: 
_ _ _ _ _ _ _ _ _ _ _ _ _ _ _ _ _ _ _ _ _ _ _ _ _ _ _ _ _ _ _ _ _ _ _ _ _ _ _ _

self = None

    def __get_result(self):
        if self._exception:
            try:
>               raise self._exception

E:\Lib\concurrent\futures\_base.py:401: 
_ _ _ _ _ _ _ _ _ _ _ _ _ _ _ _ _ _ _ _ _ _ _ _ _ _ _ _ _ _ _ _ _ _ _ _ _ _ _ _

self = <anyio.from_thread.BlockingPortal object at 0x000002671EAA0050>
func = <fastapi.applications.FastAPI object at 0x000002671EA10590>
args = ({'app': <fastapi.applications.FastAPI object at 0x000002671EA10590>, 'client': ('testclient', 50000), 'endpoint': <fu...ls>.receive at 0x000002671EA79580>, <function _TestClientTransport.handle_request.<locals>.send at 0x000002671EA796C0>)
kwargs = {}
future = <Future at 0x2671ea81c70 state=finished raised ResponseValidationError>

    async def _call_func(
        self,
        func: Callable[[Unpack[PosArgsT]], Awaitable[T_Retval] | T_Retval],
        args: tuple[Unpack[PosArgsT]],
        kwargs: dict[str, Any],
        future: Future[T_Retval],
    ) -> None:
        def callback(f: Future[T_Retval]) -> None:
            if f.cancelled():
                if self._event_loop_thread_id == get_ident():
                    scope.cancel("the future was cancelled")
                elif self._event_loop_thread_id is not None:
                    self.call(scope.cancel, "the future was cancelled")
    
        try:
            retval_or_awaitable = func(*args, **kwargs)
            if isawaitable(retval_or_awaitable):
                with CancelScope() as scope:
                    future.add_done_callback(callback)
>                   retval = await retval_or_awaitable

.venv\Lib\site-packages\anyio\from_thread.py:259: 
_ _ _ _ _ _ _ _ _ _ _ _ _ _ _ _ _ _ _ _ _ _ _ _ _ _ _ _ _ _ _ _ _ _ _ _ _ _ _ _

self = <fastapi.applications.FastAPI object at 0x000002671EA10590>
scope = {'app': <fastapi.applications.FastAPI object at 0x000002671EA10590>, 'client': ('testclient', 50000), 'endpoint': <function start at 0x000002671E993560>, 'extensions': {'http.response.debug': {}}, ...}
receive = <function _TestClientTransport.handle_request.<locals>.receive at 0x000002671EA79580>
send = <function _TestClientTransport.handle_request.<locals>.send at 0x000002671EA796C0>

    async def __call__(self, scope: Scope, receive: Receive, send: Send) -> None:
        if self.root_path:
            scope["root_path"] = self.root_path
>       await super().__call__(scope, receive, send)

.venv\Lib\site-packages\fastapi\applications.py:1054: 
_ _ _ _ _ _ _ _ _ _ _ _ _ _ _ _ _ _ _ _ _ _ _ _ _ _ _ _ _ _ _ _ _ _ _ _ _ _ _ _

self = <fastapi.applications.FastAPI object at 0x000002671EA10590>
scope = {'app': <fastapi.applications.FastAPI object at 0x000002671EA10590>, 'client': ('testclient', 50000), 'endpoint': <function start at 0x000002671E993560>, 'extensions': {'http.response.debug': {}}, ...}
receive = <function _TestClientTransport.handle_request.<locals>.receive at 0x000002671EA79580>
send = <function _TestClientTransport.handle_request.<locals>.send at 0x000002671EA796C0>

    async def __call__(self, scope: Scope, receive: Receive, send: Send) -> None:
        scope["app"] = self
        if self.middleware_stack is None:
            self.middleware_stack = self.build_middleware_stack()
>       await self.middleware_stack(scope, receive, send)

.venv\Lib\site-packages\starlette\applications.py:113: 
_ _ _ _ _ _ _ _ _ _ _ _ _ _ _ _ _ _ _ _ _ _ _ _ _ _ _ _ _ _ _ _ _ _ _ _ _ _ _ _

self = <starlette.middleware.errors.ServerErrorMiddleware object at 0x000002671EA12BA0>
scope = {'app': <fastapi.applications.FastAPI object at 0x000002671EA10590>, 'client': ('testclient', 50000), 'endpoint': <function start at 0x000002671E993560>, 'extensions': {'http.response.debug': {}}, ...}
receive = <function _TestClientTransport.handle_request.<locals>.receive at 0x000002671EA79580>
send = <function _TestClientTransport.handle_request.<locals>.send at 0x000002671EA796C0>

    async def __call__(self, scope: Scope, receive: Receive, send: Send) -> None:
        if scope["type"] != "http":
            await self.app(scope, receive, send)
            return
    
        response_started = False
    
        async def _send(message: Message) -> None:
            nonlocal response_started, send
    
            if message["type"] == "http.response.start":
                response_started = True
            await send(message)
    
        try:
            await self.app(scope, receive, _send)
        except Exception as exc:
            request = Request(scope)
            if self.debug:
                # In debug mode, return traceback responses.
                response = self.debug_response(request, exc)
            elif self.handler is None:
                # Use our default 500 error handler.
                response = self.error_response(request, exc)
            else:
                # Use an installed 500 error handler.
                if is_async_callable(self.handler):
                    response = await self.handler(request, exc)
                else:
                    response = await run_in_threadpool(self.handler, request, exc)
    
            if not response_started:
                await response(scope, receive, send)
    
            # We always continue to raise the exception.
            # This allows servers to log the error, or allows test clients
            # to optionally raise the error within the test case.
>           raise exc

.venv\Lib\site-packages\starlette\middleware\errors.py:186: 
_ _ _ _ _ _ _ _ _ _ _ _ _ _ _ _ _ _ _ _ _ _ _ _ _ _ _ _ _ _ _ _ _ _ _ _ _ _ _ _

self = <starlette.middleware.errors.ServerErrorMiddleware object at 0x000002671EA12BA0>
scope = {'app': <fastapi.applications.FastAPI object at 0x000002671EA10590>, 'client': ('testclient', 50000), 'endpoint': <function start at 0x000002671E993560>, 'extensions': {'http.response.debug': {}}, ...}
receive = <function _TestClientTransport.handle_request.<locals>.receive at 0x000002671EA79580>
send = <function _TestClientTransport.handle_request.<locals>.send at 0x000002671EA796C0>

    async def __call__(self, scope: Scope, receive: Receive, send: Send) -> None:
        if scope["type"] != "http":
            await self.app(scope, receive, send)
            return
    
        response_started = False
    
        async def _send(message: Message) -> None:
            nonlocal response_started, send
    
            if message["type"] == "http.response.start":
                response_started = True
            await send(message)
    
        try:
>           await self.app(scope, receive, _send)

.venv\Lib\site-packages\starlette\middleware\errors.py:164: 
_ _ _ _ _ _ _ _ _ _ _ _ _ _ _ _ _ _ _ _ _ _ _ _ _ _ _ _ _ _ _ _ _ _ _ _ _ _ _ _

self = <starlette.middleware.cors.CORSMiddleware object at 0x000002671EA12A50>
scope = {'app': <fastapi.applications.FastAPI object at 0x000002671EA10590>, 'client': ('testclient', 50000), 'endpoint': <function start at 0x000002671E993560>, 'extensions': {'http.response.debug': {}}, ...}
receive = <function _TestClientTransport.handle_request.<locals>.receive at 0x000002671EA79580>
send = <function ServerErrorMiddleware.__call__.<locals>._send at 0x000002671EA79DA0>

    async def __call__(self, scope: Scope, receive: Receive, send: Send) -> None:
        if scope["type"] != "http":  # pragma: no cover
            await self.app(scope, receive, send)
            return
    
        method = scope["method"]
        headers = Headers(scope=scope)
        origin = headers.get("origin")
    
        if origin is None:
>           await self.app(scope, receive, send)

.venv\Lib\site-packages\starlette\middleware\cors.py:85: 
_ _ _ _ _ _ _ _ _ _ _ _ _ _ _ _ _ _ _ _ _ _ _ _ _ _ _ _ _ _ _ _ _ _ _ _ _ _ _ _

self = <starlette.middleware.exceptions.ExceptionMiddleware object at 0x000002671EA12900>
scope = {'app': <fastapi.applications.FastAPI object at 0x000002671EA10590>, 'client': ('testclient', 50000), 'endpoint': <function start at 0x000002671E993560>, 'extensions': {'http.response.debug': {}}, ...}
receive = <function _TestClientTransport.handle_request.<locals>.receive at 0x000002671EA79580>
send = <function ServerErrorMiddleware.__call__.<locals>._send at 0x000002671EA79DA0>

    async def __call__(self, scope: Scope, receive: Receive, send: Send) -> None:
        if scope["type"] not in ("http", "websocket"):
            await self.app(scope, receive, send)
            return
    
        scope["starlette.exception_handlers"] = (
            self._exception_handlers,
            self._status_handlers,
        )
    
        conn: Request | WebSocket
        if scope["type"] == "http":
            conn = Request(scope, receive, send)
        else:
            conn = WebSocket(scope, receive, send)
    
>       await wrap_app_handling_exceptions(self.app, conn)(scope, receive, send)

.venv\Lib\site-packages\starlette\middleware\exceptions.py:63: 
_ _ _ _ _ _ _ _ _ _ _ _ _ _ _ _ _ _ _ _ _ _ _ _ _ _ _ _ _ _ _ _ _ _ _ _ _ _ _ _

scope = {'app': <fastapi.applications.FastAPI object at 0x000002671EA10590>, 'client': ('testclient', 50000), 'endpoint': <function start at 0x000002671E993560>, 'extensions': {'http.response.debug': {}}, ...}
receive = <function _TestClientTransport.handle_request.<locals>.receive at 0x000002671EA79580>
send = <function ServerErrorMiddleware.__call__.<locals>._send at 0x000002671EA79DA0>

    async def wrapped_app(scope: Scope, receive: Receive, send: Send) -> None:
        response_started = False
    
        async def sender(message: Message) -> None:
            nonlocal response_started
    
            if message["type"] == "http.response.start":
                response_started = True
            await send(message)
    
        try:
            await app(scope, receive, sender)
        except Exception as exc:
            handler = None
    
            if isinstance(exc, HTTPException):
                handler = status_handlers.get(exc.status_code)
    
            if handler is None:
                handler = _lookup_exception_handler(exception_handlers, exc)
    
            if handler is None:
>               raise exc

.venv\Lib\site-packages\starlette\_exception_handler.py:53: 
_ _ _ _ _ _ _ _ _ _ _ _ _ _ _ _ _ _ _ _ _ _ _ _ _ _ _ _ _ _ _ _ _ _ _ _ _ _ _ _

scope = {'app': <fastapi.applications.FastAPI object at 0x000002671EA10590>, 'client': ('testclient', 50000), 'endpoint': <function start at 0x000002671E993560>, 'extensions': {'http.response.debug': {}}, ...}
receive = <function _TestClientTransport.handle_request.<locals>.receive at 0x000002671EA79580>
send = <function ServerErrorMiddleware.__call__.<locals>._send at 0x000002671EA79DA0>

    async def wrapped_app(scope: Scope, receive: Receive, send: Send) -> None:
        response_started = False
    
        async def sender(message: Message) -> None:
            nonlocal response_started
    
            if message["type"] == "http.response.start":
                response_started = True
            await send(message)
    
        try:
>           await app(scope, receive, sender)

.venv\Lib\site-packages\starlette\_exception_handler.py:42: 
_ _ _ _ _ _ _ _ _ _ _ _ _ _ _ _ _ _ _ _ _ _ _ _ _ _ _ _ _ _ _ _ _ _ _ _ _ _ _ _

self = <fastapi.routing.APIRouter object at 0x000002671E9C2E50>
scope = {'app': <fastapi.applications.FastAPI object at 0x000002671EA10590>, 'client': ('testclient', 50000), 'endpoint': <function start at 0x000002671E993560>, 'extensions': {'http.response.debug': {}}, ...}
receive = <function _TestClientTransport.handle_request.<locals>.receive at 0x000002671EA79580>
send = <function wrap_app_handling_exceptions.<locals>.wrapped_app.<locals>.sender at 0x000002671EA7A2A0>

    async def __call__(self, scope: Scope, receive: Receive, send: Send) -> None:
        """
        The main entry point to the Router class.
        """
>       await self.middleware_stack(scope, receive, send)

.venv\Lib\site-packages\starlette\routing.py:716: 
_ _ _ _ _ _ _ _ _ _ _ _ _ _ _ _ _ _ _ _ _ _ _ _ _ _ _ _ _ _ _ _ _ _ _ _ _ _ _ _

self = <fastapi.routing.APIRouter object at 0x000002671E9C2E50>
scope = {'app': <fastapi.applications.FastAPI object at 0x000002671EA10590>, 'client': ('testclient', 50000), 'endpoint': <function start at 0x000002671E993560>, 'extensions': {'http.response.debug': {}}, ...}
receive = <function _TestClientTransport.handle_request.<locals>.receive at 0x000002671EA79580>
send = <function wrap_app_handling_exceptions.<locals>.wrapped_app.<locals>.sender at 0x000002671EA7A2A0>

    async def app(self, scope: Scope, receive: Receive, send: Send) -> None:
        assert scope["type"] in ("http", "websocket", "lifespan")
    
        if "router" not in scope:
            scope["router"] = self
    
        if scope["type"] == "lifespan":
            await self.lifespan(scope, receive, send)
            return
    
        partial = None
    
        for route in self.routes:
            # Determine if any route matches the incoming scope,
            # and hand over to the matching route if found.
            match, child_scope = route.matches(scope)
            if match == Match.FULL:
                scope.update(child_scope)
>               await route.handle(scope, receive, send)

.venv\Lib\site-packages\starlette\routing.py:736: 
_ _ _ _ _ _ _ _ _ _ _ _ _ _ _ _ _ _ _ _ _ _ _ _ _ _ _ _ _ _ _ _ _ _ _ _ _ _ _ _

self = APIRoute(path='/api/assessment/start', name='start', methods=['GET'])
scope = {'app': <fastapi.applications.FastAPI object at 0x000002671EA10590>, 'client': ('testclient', 50000), 'endpoint': <function start at 0x000002671E993560>, 'extensions': {'http.response.debug': {}}, ...}
receive = <function _TestClientTransport.handle_request.<locals>.receive at 0x000002671EA79580>
send = <function wrap_app_handling_exceptions.<locals>.wrapped_app.<locals>.sender at 0x000002671EA7A2A0>

    async def handle(self, scope: Scope, receive: Receive, send: Send) -> None:
        if self.methods and scope["method"] not in self.methods:
            headers = {"Allow": ", ".join(self.methods)}
            if "app" in scope:
                raise HTTPException(status_code=405, headers=headers)
            else:
                response = PlainTextResponse("Method Not Allowed", status_code=405, headers=headers)
            await response(scope, receive, send)
        else:
>           await self.app(scope, receive, send)

.venv\Lib\site-packages\starlette\routing.py:290: 
_ _ _ _ _ _ _ _ _ _ _ _ _ _ _ _ _ _ _ _ _ _ _ _ _ _ _ _ _ _ _ _ _ _ _ _ _ _ _ _

scope = {'app': <fastapi.applications.FastAPI object at 0x000002671EA10590>, 'client': ('testclient', 50000), 'endpoint': <function start at 0x000002671E993560>, 'extensions': {'http.response.debug': {}}, ...}
receive = <function _TestClientTransport.handle_request.<locals>.receive at 0x000002671EA79580>
send = <function wrap_app_handling_exceptions.<locals>.wrapped_app.<locals>.sender at 0x000002671EA7A2A0>

    async def app(scope: Scope, receive: Receive, send: Send) -> None:
        request = Request(scope, receive, send)
    
        async def app(scope: Scope, receive: Receive, send: Send) -> None:
            response = await f(request)
            await response(scope, receive, send)
    
>       await wrap_app_handling_exceptions(app, request)(scope, receive, send)

.venv\Lib\site-packages\starlette\routing.py:78: 
_ _ _ _ _ _ _ _ _ _ _ _ _ _ _ _ _ _ _ _ _ _ _ _ _ _ _ _ _ _ _ _ _ _ _ _ _ _ _ _

scope = {'app': <fastapi.applications.FastAPI object at 0x000002671EA10590>, 'client': ('testclient', 50000), 'endpoint': <function start at 0x000002671E993560>, 'extensions': {'http.response.debug': {}}, ...}
receive = <function _TestClientTransport.handle_request.<locals>.receive at 0x000002671EA79580>
send = <function wrap_app_handling_exceptions.<locals>.wrapped_app.<locals>.sender at 0x000002671EA7A2A0>

    async def wrapped_app(scope: Scope, receive: Receive, send: Send) -> None:
        response_started = False
    
        async def sender(message: Message) -> None:
            nonlocal response_started
    
            if message["type"] == "http.response.start":
                response_started = True
            await send(message)
    
        try:
            await app(scope, receive, sender)
        except Exception as exc:
            handler = None
    
            if isinstance(exc, HTTPException):
                handler = status_handlers.get(exc.status_code)
    
            if handler is None:
                handler = _lookup_exception_handler(exception_handlers, exc)
    
            if handler is None:
>               raise exc

.venv\Lib\site-packages\starlette\_exception_handler.py:53: 
_ _ _ _ _ _ _ _ _ _ _ _ _ _ _ _ _ _ _ _ _ _ _ _ _ _ _ _ _ _ _ _ _ _ _ _ _ _ _ _

scope = {'app': <fastapi.applications.FastAPI object at 0x000002671EA10590>, 'client': ('testclient', 50000), 'endpoint': <function start at 0x000002671E993560>, 'extensions': {'http.response.debug': {}}, ...}
receive = <function _TestClientTransport.handle_request.<locals>.receive at 0x000002671EA79580>
send = <function wrap_app_handling_exceptions.<locals>.wrapped_app.<locals>.sender at 0x000002671EA7A2A0>

    async def wrapped_app(scope: Scope, receive: Receive, send: Send) -> None:
        response_started = False
    
        async def sender(message: Message) -> None:
            nonlocal response_started
    
            if message["type"] == "http.response.start":
                response_started = True
            await send(message)
    
        try:
>           await app(scope, receive, sender)

.venv\Lib\site-packages\starlette\_exception_handler.py:42: 
_ _ _ _ _ _ _ _ _ _ _ _ _ _ _ _ _ _ _ _ _ _ _ _ _ _ _ _ _ _ _ _ _ _ _ _ _ _ _ _

scope = {'app': <fastapi.applications.FastAPI object at 0x000002671EA10590>, 'client': ('testclient', 50000), 'endpoint': <function start at 0x000002671E993560>, 'extensions': {'http.response.debug': {}}, ...}
receive = <function _TestClientTransport.handle_request.<locals>.receive at 0x000002671EA79580>
send = <function wrap_app_handling_exceptions.<locals>.wrapped_app.<locals>.sender at 0x000002671FB91D00>

    async def app(scope: Scope, receive: Receive, send: Send) -> None:
>       response = await f(request)

.venv\Lib\site-packages\starlette\routing.py:75: 
_ _ _ _ _ _ _ _ _ _ _ _ _ _ _ _ _ _ _ _ _ _ _ _ _ _ _ _ _ _ _ _ _ _ _ _ _ _ _ _

request = <starlette.requests.Request object at 0x000002671E9A1F30>

    async def app(request: Request) -> Response:
        response: Union[Response, None] = None
        async with AsyncExitStack() as file_stack:
            try:
                body: Any = None
                if body_field:
                    if is_body_form:
                        body = await request.form()
                        file_stack.push_async_callback(body.close)
                    else:
                        body_bytes = await request.body()
                        if body_bytes:
                            json_body: Any = Undefined
                            content_type_value = request.headers.get("content-type")
                            if not content_type_value:
                                json_body = await request.json()
                            else:
                                message = email.message.Message()
                                message["content-type"] = content_type_value
                                if message.get_content_maintype() == "application":
                                    subtype = message.get_content_subtype()
                                    if subtype == "json" or subtype.endswith("+json"):
                                        json_body = await request.json()
                            if json_body != Undefined:
                                body = json_body
                            else:
                                body = body_bytes
            except json.JSONDecodeError as e:
                validation_error = RequestValidationError(
                    [
                        {
                            "type": "json_invalid",
                            "loc": ("body", e.pos),
                            "msg": "JSON decode error",
                            "input": {},
                            "ctx": {"error": e.msg},
                        }
                    ],
                    body=e.doc,
                )
                raise validation_error from e
            except HTTPException:
                # If a middleware raises an HTTPException, it should be raised again
                raise
            except Exception as e:
                http_error = HTTPException(
                    status_code=400, detail="There was an error parsing the body"
                )
                raise http_error from e
            errors: List[Any] = []
            async with AsyncExitStack() as async_exit_stack:
                solved_result = await solve_dependencies(
                    request=request,
                    dependant=dependant,
                    body=body,
                    dependency_overrides_provider=dependency_overrides_provider,
                    async_exit_stack=async_exit_stack,
                    embed_body_fields=embed_body_fields,
                )
                errors = solved_result.errors
                if not errors:
                    raw_response = await run_endpoint_function(
                        dependant=dependant,
                        values=solved_result.values,
                        is_coroutine=is_coroutine,
                    )
                    if isinstance(raw_response, Response):
                        if raw_response.background is None:
                            raw_response.background = solved_result.background_tasks
                        response = raw_response
                    else:
                        response_args: Dict[str, Any] = {
                            "background": solved_result.background_tasks
                        }
                        # If status_code was set, use it, otherwise use the default from the
                        # response class, in the case of redirect it's 307
                        current_status_code = (
                            status_code
                            if status_code
                            else solved_result.response.status_code
                        )
                        if current_status_code is not None:
                            response_args["status_code"] = current_status_code
                        if solved_result.response.status_code:
                            response_args["status_code"] = (
                                solved_result.response.status_code
                            )
>                       content = await serialize_response(
                            field=response_field,
                            response_content=raw_response,
                            include=response_model_include,
                            exclude=response_model_exclude,
                            by_alias=response_model_by_alias,
                            exclude_unset=response_model_exclude_unset,
                            exclude_defaults=response_model_exclude_defaults,
                            exclude_none=response_model_exclude_none,
                            is_coroutine=is_coroutine,
                        )

.venv\Lib\site-packages\fastapi\routing.py:328: 
_ _ _ _ _ _ _ _ _ _ _ _ _ _ _ _ _ _ _ _ _ _ _ _ _ _ _ _ _ _ _ _ _ _ _ _ _ _ _ _

    async def serialize_response(
        *,
        field: Optional[ModelField] = None,
        response_content: Any,
        include: Optional[IncEx] = None,
        exclude: Optional[IncEx] = None,
        by_alias: bool = True,
        exclude_unset: bool = False,
        exclude_defaults: bool = False,
        exclude_none: bool = False,
        is_coroutine: bool = True,
    ) -> Any:
        if field:
            errors = []
            if not hasattr(field, "serialize"):
                # pydantic v1
                response_content = _prepare_response_content(
                    response_content,
                    exclude_unset=exclude_unset,
                    exclude_defaults=exclude_defaults,
                    exclude_none=exclude_none,
                )
            if is_coroutine:
                value, errors_ = field.validate(response_content, {}, loc=("response",))
            else:
                value, errors_ = await run_in_threadpool(
                    field.validate, response_content, {}, loc=("response",)
                )
            if isinstance(errors_, list):
                errors.extend(errors_)
            elif errors_:
                errors.append(errors_)
            if errors:
>               raise ResponseValidationError(
                    errors=_normalize_errors(errors), body=response_content
                )
E               fastapi.exceptions.ResponseValidationError: 1 validation errors:
E                 {'type': 'dict_type', 'loc': ('response',), 'msg': 'Input should be a valid dictionary', 'input': AssessmentStartResponse(target_role='AI Engineer', questions=[AssessmentQuestion(id='py-1', skill='Python', type='single_mcq', prompt='What is the output of `type([])` in Python?'), AssessmentQuestion(id='py-2', skill='Python', type='single_mcq', prompt='Which of the following correctly defines a list comprehension?'), AssessmentQuestion(id='la-1', skill='Linear Algebra', type='single_mcq', prompt='What is the result of multiplying a matrix by its inverse?'), AssessmentQuestion(id='la-2', skill='Linear Algebra', type='case_based', prompt='Why are eigenvectors important in machine learning?'), AssessmentQuestion(id='stats-1', skill='Statistics', type='single_mcq', prompt='What does standard deviation measure?'), AssessmentQuestion(id='stats-2', skill='Statistics', type='single_mcq', prompt='A p-value of 0.03 with \u03b1=0.05 means?'), AssessmentQuestion(id='ml-1', skill='Machine Learning', type='single_mcq', prompt='What is overfitting in a machine learning model?'), AssessmentQuestion(id='ml-2', skill='Machine Learning', type='single_mcq', prompt='Which algorithm is best suited for classification tasks?'), AssessmentQuestion(id='dl-1', skill='Deep Learning', type='single_mcq', prompt='Which activation function converts output to probabilities summing to 1?'), AssessmentQuestion(id='dl-2', skill='Deep Learning', type='multi_mcq', prompt='Which of the following are common optimizers in deep learning? (Select all that apply)')])}

.venv\Lib\site-packages\fastapi\routing.py:177: ResponseValidationError
=========================== short test summary info ===========================
FAILED tests/backend-tests/test_mvp_features.py::test_auth_assessment_and_skill_gap_flow
============================== 1 failed in 1.91s ==============================
